############################################################## www.oofem.org ###
       ####    ####   ######  ######  #    #
     #    #  #    #  #       #       ##  ##
    #    #  #    #  #####   #####   # ## #
   #    #  #    #  #       #       #    #
  #    #  #    #  #       #       #    #   OOFEM ver. 2.4
  ####    ####   #       ######  #    #    Copyright (C) 1994-2014 Borek Patzak
################################################################################


Starting analysis on: Mon Aug 10 16:08:45 2020

Patch test of 1D spring element along x axis
Domain type: 1dtruss, default ndofs per node is 1



==============================================================
Output for time 1.00000000e+00 
==============================================================
Output for domain   1


DofManager output:
------------------
Node           1 (       1):
  dof 1   d  0.00000000e+00
Node           2 (       2):
  dof 1   d  5.00000000e-01




Element output:
---------------
spring element 1 (       1) :
  spring force or moment 1.0000e+00




	R E A C T I O N S  O U T P U T:
	_______________________________


	Node        1 iDof  1 reaction -1.0000e+00    [bc-id: 1]

User time consumed by solution step 1: 0.000 [s]


Finishing analysis on: Mon Aug 10 16:08:45 2020

Real time consumed: 000h:00m:00s
User time consumed: 000h:00m:00s


